2026-05-15 13:25:16,973 DEBUG    root            Failed to read GCE cache file: [Errno 2] No such file or directory: '/content/.config/gce'
2026-05-15 13:25:28,996 DEBUG    root            Failed to check metadata server: <urlopen error timed out>
2026-05-15 13:25:28,996 DEBUG    root            On GCE from server: False
2026-05-15 13:25:28,999 DEBUG    root            Loaded Command Group: ['gcloud', 'components']
2026-05-15 13:25:29,002 DEBUG    root            Loaded Command Group: ['gcloud', 'components', 'update']
2026-05-15 13:25:29,004 DEBUG    root            Running [gcloud.components.update] with arguments: [--compile-python: "True", --quiet: "True", COMPONENT-IDS:6: "['core', 'gcloud-deps', 'bq', 'gcloud', 'gcloud-crc32c', 'gsutil']"]
2026-05-15 13:25:29,005 INFO     ___FILE_ONLY___ Beginning update. This process may take several minutes.

2026-05-15 13:25:29,017 DEBUG    root            On GCE from memory cache: False
2026-05-15 13:25:29,018 DEBUG    root            On GCE from memory cache: False
2026-05-15 13:25:29,021 DEBUG    urllib3.connectionpool Starting new HTTPS connection (1): dl.google.com:443
2026-05-15 13:25:29,043 DEBUG    urllib3.connectionpool https://dl.google.com:443 "GET /dl/cloudsdk/channels/rapid/components-2.json HTTP/1.1" 200 25078
2026-05-15 13:25:29,054 INFO     ___FILE_ONLY___ 

2026-05-15 13:25:29,054 INFO     ___FILE_ONLY___ 
Your current Google Cloud CLI version is: 568.0.0

2026-05-15 13:25:29,054 INFO     ___FILE_ONLY___ Installing components from version: 568.0.0

2026-05-15 13:25:29,054 INFO     ___FILE_ONLY___ 

2026-05-15 13:25:29,055 DEBUG    root            Chosen display Format:table[box,title="These components will be removed."](details.display_name:label=Name:align=left,version.version_string:label=Version:align=right,data.size.size(zero="",min=1048576):label=Size:align=right)
2026-05-15 13:25:29,055 DEBUG    root            Chosen display Format:table[box,title="These components will be updated."](details.display_name:label=Name:align=left,version.version_string:label=Version:align=right,data.size.size(zero="",min=1048576):label=Size:align=right)
2026-05-15 13:25:29,056 DEBUG    root            Chosen display Format:table[box,title="These components will be installed."](details.display_name:label=Name:align=left,version.version_string:label=Version:align=right,data.size.size(zero="",min=1048576):label=Size:align=right)
2026-05-15 13:25:29,096 INFO     ___FILE_ONLY___ ┌─────────────────────────────────────────────────────────────────────────────┐
2026-05-15 13:25:29,096 INFO     ___FILE_ONLY___ 

2026-05-15 13:25:29,096 INFO     ___FILE_ONLY___ │                     These components will be installed.                     │
2026-05-15 13:25:29,096 INFO     ___FILE_ONLY___ 

2026-05-15 13:25:29,096 INFO     ___FILE_ONLY___ ├─────────────────────────────────────────────────────┬────────────┬──────────┤
2026-05-15 13:25:29,096 INFO     ___FILE_ONLY___ 

2026-05-15 13:25:29,096 INFO     ___FILE_ONLY___ │                         Name                        │  Version   │   Size   │
2026-05-15 13:25:29,096 INFO     ___FILE_ONLY___ 

2026-05-15 13:25:29,096 INFO     ___FILE_ONLY___ ├─────────────────────────────────────────────────────┼────────────┼──────────┤
2026-05-15 13:25:29,096 INFO     ___FILE_ONLY___ 

2026-05-15 13:25:29,096 INFO     ___FILE_ONLY___ │ 
2026-05-15 13:25:29,097 INFO     ___FILE_ONLY___ BigQuery Command Line Tool                         
2026-05-15 13:25:29,097 INFO     ___FILE_ONLY___  
2026-05-15 13:25:29,097 INFO     ___FILE_ONLY___ │ 
2026-05-15 13:25:29,097 INFO     ___FILE_ONLY___     2.1.31
2026-05-15 13:25:29,097 INFO     ___FILE_ONLY___  
2026-05-15 13:25:29,097 INFO     ___FILE_ONLY___ │ 
2026-05-15 13:25:29,097 INFO     ___FILE_ONLY___  1.8 MiB
2026-05-15 13:25:29,097 INFO     ___FILE_ONLY___  
2026-05-15 13:25:29,097 INFO     ___FILE_ONLY___ │
2026-05-15 13:25:29,097 INFO     ___FILE_ONLY___ 

2026-05-15 13:25:29,097 INFO     ___FILE_ONLY___ │ 
2026-05-15 13:25:29,097 INFO     ___FILE_ONLY___ BigQuery Command Line Tool (Platform Specific)     
2026-05-15 13:25:29,097 INFO     ___FILE_ONLY___  
2026-05-15 13:25:29,097 INFO     ___FILE_ONLY___ │ 
2026-05-15 13:25:29,097 INFO     ___FILE_ONLY___     2.1.31
2026-05-15 13:25:29,098 INFO     ___FILE_ONLY___  
2026-05-15 13:25:29,098 INFO     ___FILE_ONLY___ │ 
2026-05-15 13:25:29,098 INFO     ___FILE_ONLY___  < 1 MiB
2026-05-15 13:25:29,098 INFO     ___FILE_ONLY___  
2026-05-15 13:25:29,098 INFO     ___FILE_ONLY___ │
2026-05-15 13:25:29,098 INFO     ___FILE_ONLY___ 

2026-05-15 13:25:29,098 INFO     ___FILE_ONLY___ │ 
2026-05-15 13:25:29,098 INFO     ___FILE_ONLY___ Bundled Python 3.14 (Platform Specific)            
2026-05-15 13:25:29,098 INFO     ___FILE_ONLY___  
2026-05-15 13:25:29,098 INFO     ___FILE_ONLY___ │ 
2026-05-15 13:25:29,098 INFO     ___FILE_ONLY___     3.14.4
2026-05-15 13:25:29,098 INFO     ___FILE_ONLY___  
2026-05-15 13:25:29,098 INFO     ___FILE_ONLY___ │ 
2026-05-15 13:25:29,098 INFO     ___FILE_ONLY___ 25.9 MiB
2026-05-15 13:25:29,099 INFO     ___FILE_ONLY___  
2026-05-15 13:25:29,099 INFO     ___FILE_ONLY___ │
2026-05-15 13:25:29,099 INFO     ___FILE_ONLY___ 

2026-05-15 13:25:29,099 INFO     ___FILE_ONLY___ │ 
2026-05-15 13:25:29,099 INFO     ___FILE_ONLY___ Cloud Storage Command Line Tool                    
2026-05-15 13:25:29,099 INFO     ___FILE_ONLY___  
2026-05-15 13:25:29,099 INFO     ___FILE_ONLY___ │ 
2026-05-15 13:25:29,099 INFO     ___FILE_ONLY___       5.37
2026-05-15 13:25:29,099 INFO     ___FILE_ONLY___  
2026-05-15 13:25:29,099 INFO     ___FILE_ONLY___ │ 
2026-05-15 13:25:29,099 INFO     ___FILE_ONLY___ 12.4 MiB
2026-05-15 13:25:29,099 INFO     ___FILE_ONLY___  
2026-05-15 13:25:29,099 INFO     ___FILE_ONLY___ │
2026-05-15 13:25:29,099 INFO     ___FILE_ONLY___ 

2026-05-15 13:25:29,100 INFO     ___FILE_ONLY___ │ 
2026-05-15 13:25:29,100 INFO     ___FILE_ONLY___ Cloud Storage Command Line Tool (Platform Specific)
2026-05-15 13:25:29,100 INFO     ___FILE_ONLY___  
2026-05-15 13:25:29,100 INFO     ___FILE_ONLY___ │ 
2026-05-15 13:25:29,100 INFO     ___FILE_ONLY___       5.36
2026-05-15 13:25:29,100 INFO     ___FILE_ONLY___  
2026-05-15 13:25:29,100 INFO     ___FILE_ONLY___ │ 
2026-05-15 13:25:29,100 INFO     ___FILE_ONLY___  < 1 MiB
2026-05-15 13:25:29,100 INFO     ___FILE_ONLY___  
2026-05-15 13:25:29,100 INFO     ___FILE_ONLY___ │
2026-05-15 13:25:29,100 INFO     ___FILE_ONLY___ 

2026-05-15 13:25:29,100 INFO     ___FILE_ONLY___ │ 
2026-05-15 13:25:29,100 INFO     ___FILE_ONLY___ Google Cloud CLI Core Libraries (Platform Specific)
2026-05-15 13:25:29,100 INFO     ___FILE_ONLY___  
2026-05-15 13:25:29,100 INFO     ___FILE_ONLY___ │ 
2026-05-15 13:25:29,100 INFO     ___FILE_ONLY___ 2026.04.24
2026-05-15 13:25:29,100 INFO     ___FILE_ONLY___  
2026-05-15 13:25:29,101 INFO     ___FILE_ONLY___ │ 
2026-05-15 13:25:29,101 INFO     ___FILE_ONLY___  < 1 MiB
2026-05-15 13:25:29,101 INFO     ___FILE_ONLY___  
2026-05-15 13:25:29,101 INFO     ___FILE_ONLY___ │
2026-05-15 13:25:29,101 INFO     ___FILE_ONLY___ 

2026-05-15 13:25:29,101 INFO     ___FILE_ONLY___ │ 
2026-05-15 13:25:29,101 INFO     ___FILE_ONLY___ Google Cloud CRC32C Hash Tool (Platform Specific)  
2026-05-15 13:25:29,101 INFO     ___FILE_ONLY___  
2026-05-15 13:25:29,101 INFO     ___FILE_ONLY___ │ 
2026-05-15 13:25:29,101 INFO     ___FILE_ONLY___      1.0.0
2026-05-15 13:25:29,101 INFO     ___FILE_ONLY___  
2026-05-15 13:25:29,101 INFO     ___FILE_ONLY___ │ 
2026-05-15 13:25:29,101 INFO     ___FILE_ONLY___  1.5 MiB
2026-05-15 13:25:29,101 INFO     ___FILE_ONLY___  
2026-05-15 13:25:29,101 INFO     ___FILE_ONLY___ │
2026-05-15 13:25:29,101 INFO     ___FILE_ONLY___ 

2026-05-15 13:25:29,101 INFO     ___FILE_ONLY___ │ 
2026-05-15 13:25:29,101 INFO     ___FILE_ONLY___ gcloud cli dependencies (Platform Specific)        
2026-05-15 13:25:29,101 INFO     ___FILE_ONLY___  
2026-05-15 13:25:29,101 INFO     ___FILE_ONLY___ │ 
2026-05-15 13:25:29,102 INFO     ___FILE_ONLY___ 2021.04.16
2026-05-15 13:25:29,102 INFO     ___FILE_ONLY___  
2026-05-15 13:25:29,102 INFO     ___FILE_ONLY___ │ 
2026-05-15 13:25:29,102 INFO     ___FILE_ONLY___  < 1 MiB
2026-05-15 13:25:29,102 INFO     ___FILE_ONLY___  
2026-05-15 13:25:29,102 INFO     ___FILE_ONLY___ │
2026-05-15 13:25:29,102 INFO     ___FILE_ONLY___ 

2026-05-15 13:25:29,102 INFO     ___FILE_ONLY___ └─────────────────────────────────────────────────────┴────────────┴──────────┘
2026-05-15 13:25:29,102 INFO     ___FILE_ONLY___ 

2026-05-15 13:25:29,102 INFO     ___FILE_ONLY___ 

2026-05-15 13:25:29,103 DEBUG    root            On GCE from memory cache: False
2026-05-15 13:25:29,104 DEBUG    root            On GCE from memory cache: False
2026-05-15 13:25:29,105 DEBUG    urllib3.connectionpool Starting new HTTPS connection (1): dl.google.com:443
2026-05-15 13:25:29,186 DEBUG    urllib3.connectionpool https://dl.google.com:443 "GET /dl/cloudsdk/channels/rapid/RELEASE_NOTES HTTP/1.1" 200 363271
2026-05-15 13:25:29,742 INFO     ___FILE_ONLY___ For the latest full release notes, please visit:
  https://cloud.google.com/sdk/release_notes


2026-05-15 13:25:29,742 INFO     ___FILE_ONLY___ Performing in place update...


2026-05-15 13:25:29,744 INFO     ___FILE_ONLY___ ╔════════════════════════════════════════════════════════════╗

2026-05-15 13:25:29,745 INFO     ___FILE_ONLY___ ╠═ Downloading: BigQuery Command Line Tool                  ═╣

2026-05-15 13:25:29,745 INFO     ___FILE_ONLY___ ╚
2026-05-15 13:25:29,746 DEBUG    root            On GCE from memory cache: False
2026-05-15 13:25:29,747 DEBUG    root            On GCE from memory cache: False
2026-05-15 13:25:29,748 DEBUG    urllib3.connectionpool Starting new HTTPS connection (1): dl.google.com:443
2026-05-15 13:25:29,830 DEBUG    urllib3.connectionpool https://dl.google.com:443 "GET /dl/cloudsdk/channels/rapid/components/google-cloud-sdk-bq-20260327141905.tar.gz HTTP/1.1" 200 1931708
2026-05-15 13:25:29,842 INFO     ___FILE_ONLY___ ═
2026-05-15 13:25:29,842 INFO     ___FILE_ONLY___ ═
2026-05-15 13:25:29,842 INFO     ___FILE_ONLY___ ═
2026-05-15 13:25:29,843 INFO     ___FILE_ONLY___ ═
2026-05-15 13:25:29,843 INFO     ___FILE_ONLY___ ═
2026-05-15 13:25:29,843 INFO     ___FILE_ONLY___ ═
2026-05-15 13:25:29,843 INFO     ___FILE_ONLY___ ═
2026-05-15 13:25:29,843 INFO     ___FILE_ONLY___ ═
2026-05-15 13:25:29,843 INFO     ___FILE_ONLY___ ═
2026-05-15 13:25:29,843 INFO     ___FILE_ONLY___ ═
2026-05-15 13:25:29,843 INFO     ___FILE_ONLY___ ═
2026-05-15 13:25:29,844 INFO     ___FILE_ONLY___ ═
2026-05-15 13:25:29,844 INFO     ___FILE_ONLY___ ═
2026-05-15 13:25:29,844 INFO     ___FILE_ONLY___ ═
2026-05-15 13:25:29,844 INFO     ___FILE_ONLY___ ═
2026-05-15 13:25:29,844 INFO     ___FILE_ONLY___ ═
2026-05-15 13:25:29,844 INFO     ___FILE_ONLY___ ═
2026-05-15 13:25:29,844 INFO     ___FILE_ONLY___ ═
2026-05-15 13:25:29,845 INFO     ___FILE_ONLY___ ═
2026-05-15 13:25:29,845 INFO     ___FILE_ONLY___ ═
2026-05-15 13:25:29,845 INFO     ___FILE_ONLY___ ═
2026-05-15 13:25:29,845 INFO     ___FILE_ONLY___ ═
2026-05-15 13:25:29,845 INFO     ___FILE_ONLY___ ═
2026-05-15 13:25:29,845 INFO     ___FILE_ONLY___ ═
2026-05-15 13:25:29,845 INFO     ___FILE_ONLY___ ═
2026-05-15 13:25:29,845 INFO     ___FILE_ONLY___ ═
2026-05-15 13:25:29,845 INFO     ___FILE_ONLY___ ═
2026-05-15 13:25:29,846 INFO     ___FILE_ONLY___ ═
2026-05-15 13:25:29,846 INFO     ___FILE_ONLY___ ═
2026-05-15 13:25:29,846 INFO     ___FILE_ONLY___ ═
2026-05-15 13:25:29,846 INFO     ___FILE_ONLY___ ═
2026-05-15 13:25:29,846 INFO     ___FILE_ONLY___ ═
2026-05-15 13:25:29,846 INFO     ___FILE_ONLY___ ═
2026-05-15 13:25:29,846 INFO     ___FILE_ONLY___ ═
2026-05-15 13:25:29,846 INFO     ___FILE_ONLY___ ═
2026-05-15 13:25:29,846 INFO     ___FILE_ONLY___ ═
2026-05-15 13:25:29,846 INFO     ___FILE_ONLY___ ═
2026-05-15 13:25:29,847 INFO     ___FILE_ONLY___ ═
2026-05-15 13:25:29,847 INFO     ___FILE_ONLY___ ═
2026-05-15 13:25:29,847 INFO     ___FILE_ONLY___ ═
2026-05-15 13:25:29,847 INFO     ___FILE_ONLY___ ═
2026-05-15 13:25:29,847 INFO     ___FILE_ONLY___ ═
2026-05-15 13:25:29,847 INFO     ___FILE_ONLY___ ═
2026-05-15 13:25:29,847 INFO     ___FILE_ONLY___ ═
2026-05-15 13:25:29,847 INFO     ___FILE_ONLY___ ═
2026-05-15 13:25:29,848 INFO     ___FILE_ONLY___ ═
2026-05-15 13:25:29,848 INFO     ___FILE_ONLY___ ═
2026-05-15 13:25:29,848 INFO     ___FILE_ONLY___ ═
2026-05-15 13:25:29,848 INFO     ___FILE_ONLY___ ═
2026-05-15 13:25:29,848 INFO     ___FILE_ONLY___ ═
2026-05-15 13:25:29,848 INFO     ___FILE_ONLY___ ═
2026-05-15 13:25:29,848 INFO     ___FILE_ONLY___ ═
2026-05-15 13:25:29,849 INFO     ___FILE_ONLY___ ═
2026-05-15 13:25:29,849 INFO     ___FILE_ONLY___ ═
2026-05-15 13:25:29,849 INFO     ___FILE_ONLY___ ═
2026-05-15 13:25:29,849 INFO     ___FILE_ONLY___ ═
2026-05-15 13:25:29,849 INFO     ___FILE_ONLY___ ═
2026-05-15 13:25:29,849 INFO     ___FILE_ONLY___ ═
2026-05-15 13:25:29,849 INFO     ___FILE_ONLY___ ═
2026-05-15 13:25:29,849 INFO     ___FILE_ONLY___ ═
2026-05-15 13:25:29,849 INFO     ___FILE_ONLY___ ╝

2026-05-15 13:25:29,851 INFO     ___FILE_ONLY___ ╔════════════════════════════════════════════════════════════╗

2026-05-15 13:25:29,852 INFO     ___FILE_ONLY___ ╠═ Downloading: BigQuery Command Line Tool (Platform Spe... ═╣

2026-05-15 13:25:29,852 INFO     ___FILE_ONLY___ ╚
2026-05-15 13:25:29,853 DEBUG    root            On GCE from memory cache: False
2026-05-15 13:25:29,854 DEBUG    root            On GCE from memory cache: False
2026-05-15 13:25:29,855 DEBUG    urllib3.connectionpool Starting new HTTPS connection (1): dl.google.com:443
2026-05-15 13:25:29,938 DEBUG    urllib3.connectionpool https://dl.google.com:443 "GET /dl/cloudsdk/channels/rapid/components/google-cloud-sdk-bq-nix-20260424041539.tar.gz HTTP/1.1" 200 1948
2026-05-15 13:25:29,939 INFO     ___FILE_ONLY___ ════════════════════════════════════════════════════════════
2026-05-15 13:25:29,939 INFO     ___FILE_ONLY___ ╝

2026-05-15 13:25:29,941 INFO     ___FILE_ONLY___ ╔════════════════════════════════════════════════════════════╗

2026-05-15 13:25:29,941 INFO     ___FILE_ONLY___ ╠═ Downloading: Bundled Python 3.14                         ═╣

2026-05-15 13:25:29,941 INFO     ___FILE_ONLY___ ╚
2026-05-15 13:25:29,941 INFO     ___FILE_ONLY___ ════════════════════════════════════════════════════════════
2026-05-15 13:25:29,941 INFO     ___FILE_ONLY___ ╝

2026-05-15 13:25:29,943 INFO     ___FILE_ONLY___ ╔════════════════════════════════════════════════════════════╗

2026-05-15 13:25:29,943 INFO     ___FILE_ONLY___ ╠═ Downloading: Bundled Python 3.14 (Platform Specific)     ═╣

2026-05-15 13:25:29,943 INFO     ___FILE_ONLY___ ╚
2026-05-15 13:25:29,944 DEBUG    root            On GCE from memory cache: False
2026-05-15 13:25:29,945 DEBUG    root            On GCE from memory cache: False
2026-05-15 13:25:29,946 DEBUG    urllib3.connectionpool Starting new HTTPS connection (1): dl.google.com:443
2026-05-15 13:25:30,027 DEBUG    urllib3.connectionpool https://dl.google.com:443 "GET /dl/cloudsdk/channels/rapid/components/google-cloud-sdk-bundled-python3-unix-linux-x86_64-20260508041647.tar.gz HTTP/1.1" 200 27141728
2026-05-15 13:25:30,122 INFO     ___FILE_ONLY___ ═
2026-05-15 13:25:30,123 INFO     ___FILE_ONLY___ ═
2026-05-15 13:25:30,123 INFO     ___FILE_ONLY___ ═
2026-05-15 13:25:30,124 INFO     ___FILE_ONLY___ ═
2026-05-15 13:25:30,124 INFO     ___FILE_ONLY___ ═
2026-05-15 13:25:30,125 INFO     ___FILE_ONLY___ ═
2026-05-15 13:25:30,125 INFO     ___FILE_ONLY___ ═
2026-05-15 13:25:30,126 INFO     ___FILE_ONLY___ ═
2026-05-15 13:25:30,127 INFO     ___FILE_ONLY___ ═
2026-05-15 13:25:30,127 INFO     ___FILE_ONLY___ ═
2026-05-15 13:25:30,128 INFO     ___FILE_ONLY___ ═
2026-05-15 13:25:30,128 INFO     ___FILE_ONLY___ ═
2026-05-15 13:25:30,129 INFO     ___FILE_ONLY___ ═
2026-05-15 13:25:30,129 INFO     ___FILE_ONLY___ ═
2026-05-15 13:25:30,130 INFO     ___FILE_ONLY___ ═
2026-05-15 13:25:30,130 INFO     ___FILE_ONLY___ ═
2026-05-15 13:25:30,131 INFO     ___FILE_ONLY___ ═
2026-05-15 13:25:30,131 INFO     ___FILE_ONLY___ ═
2026-05-15 13:25:30,132 INFO     ___FILE_ONLY___ ═
2026-05-15 13:25:30,132 INFO     ___FILE_ONLY___ ═
2026-05-15 13:25:30,133 INFO     ___FILE_ONLY___ ═
2026-05-15 13:25:30,134 INFO     ___FILE_ONLY___ ═
2026-05-15 13:25:30,134 INFO     ___FILE_ONLY___ ═
2026-05-15 13:25:30,135 INFO     ___FILE_ONLY___ ═
2026-05-15 13:25:30,135 INFO     ___FILE_ONLY___ ═
2026-05-15 13:25:30,136 INFO     ___FILE_ONLY___ ═
2026-05-15 13:25:30,136 INFO     ___FILE_ONLY___ ═
2026-05-15 13:25:30,137 INFO     ___FILE_ONLY___ ═
2026-05-15 13:25:30,137 INFO     ___FILE_ONLY___ ═
2026-05-15 13:25:30,138 INFO     ___FILE_ONLY___ ═
2026-05-15 13:25:30,138 INFO     ___FILE_ONLY___ ═
2026-05-15 13:25:30,139 INFO     ___FILE_ONLY___ ═
2026-05-15 13:25:30,139 INFO     ___FILE_ONLY___ ═
2026-05-15 13:25:30,140 INFO     ___FILE_ONLY___ ═
2026-05-15 13:25:30,141 INFO     ___FILE_ONLY___ ═
2026-05-15 13:25:30,141 INFO     ___FILE_ONLY___ ═
2026-05-15 13:25:30,142 INFO     ___FILE_ONLY___ ═
2026-05-15 13:25:30,142 INFO     ___FILE_ONLY___ ═
2026-05-15 13:25:30,143 INFO     ___FILE_ONLY___ ═
2026-05-15 13:25:30,143 INFO     ___FILE_ONLY___ ═
2026-05-15 13:25:30,144 INFO     ___FILE_ONLY___ ═
2026-05-15 13:25:30,144 INFO     ___FILE_ONLY___ ═
2026-05-15 13:25:30,145 INFO     ___FILE_ONLY___ ═
2026-05-15 13:25:30,146 INFO     ___FILE_ONLY___ ═
2026-05-15 13:25:30,146 INFO     ___FILE_ONLY___ ═
2026-05-15 13:25:30,147 INFO     ___FILE_ONLY___ ═
2026-05-15 13:25:30,147 INFO     ___FILE_ONLY___ ═
2026-05-15 13:25:30,148 INFO     ___FILE_ONLY___ ═
2026-05-15 13:25:30,148 INFO     ___FILE_ONLY___ ═
2026-05-15 13:25:30,149 INFO     ___FILE_ONLY___ ═
2026-05-15 13:25:30,149 INFO     ___FILE_ONLY___ ═
2026-05-15 13:25:30,150 INFO     ___FILE_ONLY___ ═
2026-05-15 13:25:30,151 INFO     ___FILE_ONLY___ ═
2026-05-15 13:25:30,151 INFO     ___FILE_ONLY___ ═
2026-05-15 13:25:30,152 INFO     ___FILE_ONLY___ ═
2026-05-15 13:25:30,152 INFO     ___FILE_ONLY___ ═
2026-05-15 13:25:30,153 INFO     ___FILE_ONLY___ ═
2026-05-15 13:25:30,153 INFO     ___FILE_ONLY___ ═
2026-05-15 13:25:30,154 INFO     ___FILE_ONLY___ ═
2026-05-15 13:25:30,154 INFO     ___FILE_ONLY___ ═
2026-05-15 13:25:30,154 INFO     ___FILE_ONLY___ ╝

2026-05-15 13:25:30,157 INFO     ___FILE_ONLY___ ╔════════════════════════════════════════════════════════════╗

2026-05-15 13:25:30,157 INFO     ___FILE_ONLY___ ╠═ Downloading: Cloud Storage Command Line Tool             ═╣

2026-05-15 13:25:30,157 INFO     ___FILE_ONLY___ ╚
2026-05-15 13:25:30,158 DEBUG    root            On GCE from memory cache: False
2026-05-15 13:25:30,159 DEBUG    root            On GCE from memory cache: False
2026-05-15 13:25:30,160 DEBUG    urllib3.connectionpool Starting new HTTPS connection (1): dl.google.com:443
2026-05-15 13:25:30,264 DEBUG    urllib3.connectionpool https://dl.google.com:443 "GET /dl/cloudsdk/channels/rapid/components/google-cloud-sdk-gsutil-20260501041631.tar.gz HTTP/1.1" 200 12967034
2026-05-15 13:25:30,314 INFO     ___FILE_ONLY___ ═
2026-05-15 13:25:30,314 INFO     ___FILE_ONLY___ ═
2026-05-15 13:25:30,314 INFO     ___FILE_ONLY___ ═
2026-05-15 13:25:30,315 INFO     ___FILE_ONLY___ ═
2026-05-15 13:25:30,315 INFO     ___FILE_ONLY___ ═
2026-05-15 13:25:30,315 INFO     ___FILE_ONLY___ ═
2026-05-15 13:25:30,316 INFO     ___FILE_ONLY___ ═
2026-05-15 13:25:30,316 INFO     ___FILE_ONLY___ ═
2026-05-15 13:25:30,316 INFO     ___FILE_ONLY___ ═
2026-05-15 13:25:30,316 INFO     ___FILE_ONLY___ ═
2026-05-15 13:25:30,317 INFO     ___FILE_ONLY___ ═
2026-05-15 13:25:30,317 INFO     ___FILE_ONLY___ ═
2026-05-15 13:25:30,317 INFO     ___FILE_ONLY___ ═
2026-05-15 13:25:30,318 INFO     ___FILE_ONLY___ ═
2026-05-15 13:25:30,318 INFO     ___FILE_ONLY___ ═
2026-05-15 13:25:30,318 INFO     ___FILE_ONLY___ ═
2026-05-15 13:25:30,319 INFO     ___FILE_ONLY___ ═
2026-05-15 13:25:30,319 INFO     ___FILE_ONLY___ ═
2026-05-15 13:25:30,319 INFO     ___FILE_ONLY___ ═
2026-05-15 13:25:30,319 INFO     ___FILE_ONLY___ ═
2026-05-15 13:25:30,320 INFO     ___FILE_ONLY___ ═
2026-05-15 13:25:30,320 INFO     ___FILE_ONLY___ ═
2026-05-15 13:25:30,320 INFO     ___FILE_ONLY___ ═
2026-05-15 13:25:30,321 INFO     ___FILE_ONLY___ ═
2026-05-15 13:25:30,321 INFO     ___FILE_ONLY___ ═
2026-05-15 13:25:30,321 INFO     ___FILE_ONLY___ ═
2026-05-15 13:25:30,322 INFO     ___FILE_ONLY___ ═
2026-05-15 13:25:30,322 INFO     ___FILE_ONLY___ ═
2026-05-15 13:25:30,322 INFO     ___FILE_ONLY___ ═
2026-05-15 13:25:30,322 INFO     ___FILE_ONLY___ ═
2026-05-15 13:25:30,323 INFO     ___FILE_ONLY___ ═
2026-05-15 13:25:30,323 INFO     ___FILE_ONLY___ ═
2026-05-15 13:25:30,323 INFO     ___FILE_ONLY___ ═
2026-05-15 13:25:30,324 INFO     ___FILE_ONLY___ ═
2026-05-15 13:25:30,324 INFO     ___FILE_ONLY___ ═
2026-05-15 13:25:30,324 INFO     ___FILE_ONLY___ ═
2026-05-15 13:25:30,325 INFO     ___FILE_ONLY___ ═
2026-05-15 13:25:30,325 INFO     ___FILE_ONLY___ ═
2026-05-15 13:25:30,325 INFO     ___FILE_ONLY___ ═
2026-05-15 13:25:30,325 INFO     ___FILE_ONLY___ ═
2026-05-15 13:25:30,326 INFO     ___FILE_ONLY___ ═
2026-05-15 13:25:30,326 INFO     ___FILE_ONLY___ ═
2026-05-15 13:25:30,326 INFO     ___FILE_ONLY___ ═
2026-05-15 13:25:30,327 INFO     ___FILE_ONLY___ ═
2026-05-15 13:25:30,327 INFO     ___FILE_ONLY___ ═
2026-05-15 13:25:30,327 INFO     ___FILE_ONLY___ ═
2026-05-15 13:25:30,327 INFO     ___FILE_ONLY___ ═
2026-05-15 13:25:30,328 INFO     ___FILE_ONLY___ ═
2026-05-15 13:25:30,328 INFO     ___FILE_ONLY___ ═
2026-05-15 13:25:30,328 INFO     ___FILE_ONLY___ ═
2026-05-15 13:25:30,329 INFO     ___FILE_ONLY___ ═
2026-05-15 13:25:30,329 INFO     ___FILE_ONLY___ ═
2026-05-15 13:25:30,329 INFO     ___FILE_ONLY___ ═
2026-05-15 13:25:30,330 INFO     ___FILE_ONLY___ ═
2026-05-15 13:25:30,330 INFO     ___FILE_ONLY___ ═
2026-05-15 13:25:30,330 INFO     ___FILE_ONLY___ ═
2026-05-15 13:25:30,330 INFO     ___FILE_ONLY___ ═
2026-05-15 13:25:30,331 INFO     ___FILE_ONLY___ ═
2026-05-15 13:25:30,331 INFO     ___FILE_ONLY___ ═
2026-05-15 13:25:30,331 INFO     ___FILE_ONLY___ ═
2026-05-15 13:25:30,331 INFO     ___FILE_ONLY___ ╝

2026-05-15 13:25:30,333 INFO     ___FILE_ONLY___ ╔════════════════════════════════════════════════════════════╗

2026-05-15 13:25:30,333 INFO     ___FILE_ONLY___ ╠═ Downloading: Cloud Storage Command Line Tool (Platfor... ═╣

2026-05-15 13:25:30,333 INFO     ___FILE_ONLY___ ╚
2026-05-15 13:25:30,334 DEBUG    root            On GCE from memory cache: False
2026-05-15 13:25:30,335 DEBUG    root            On GCE from memory cache: False
2026-05-15 13:25:30,336 DEBUG    urllib3.connectionpool Starting new HTTPS connection (1): dl.google.com:443
2026-05-15 13:25:30,420 DEBUG    urllib3.connectionpool https://dl.google.com:443 "GET /dl/cloudsdk/channels/rapid/components/google-cloud-sdk-gsutil-nix-20260424041539.tar.gz HTTP/1.1" 200 1963
2026-05-15 13:25:30,421 INFO     ___FILE_ONLY___ ════════════════════════════════════════════════════════════
2026-05-15 13:25:30,421 INFO     ___FILE_ONLY___ ╝

2026-05-15 13:25:30,423 INFO     ___FILE_ONLY___ ╔════════════════════════════════════════════════════════════╗

2026-05-15 13:25:30,423 INFO     ___FILE_ONLY___ ╠═ Downloading: Default set of gcloud commands              ═╣

2026-05-15 13:25:30,423 INFO     ___FILE_ONLY___ ╚
2026-05-15 13:25:30,423 INFO     ___FILE_ONLY___ ════════════════════════════════════════════════════════════
2026-05-15 13:25:30,423 INFO     ___FILE_ONLY___ ╝

2026-05-15 13:25:30,425 INFO     ___FILE_ONLY___ ╔════════════════════════════════════════════════════════════╗

2026-05-15 13:25:30,425 INFO     ___FILE_ONLY___ ╠═ Downloading: Google Cloud CLI Core Libraries (Platfor... ═╣

2026-05-15 13:25:30,425 INFO     ___FILE_ONLY___ ╚
2026-05-15 13:25:30,426 DEBUG    root            On GCE from memory cache: False
2026-05-15 13:25:30,427 DEBUG    root            On GCE from memory cache: False
2026-05-15 13:25:30,428 DEBUG    urllib3.connectionpool Starting new HTTPS connection (1): dl.google.com:443
2026-05-15 13:25:30,512 DEBUG    urllib3.connectionpool https://dl.google.com:443 "GET /dl/cloudsdk/channels/rapid/components/google-cloud-sdk-core-nix-20260424041539.tar.gz HTTP/1.1" 200 2342
2026-05-15 13:25:30,513 INFO     ___FILE_ONLY___ ════════════════════════════════════════════════════════════
2026-05-15 13:25:30,513 INFO     ___FILE_ONLY___ ╝

2026-05-15 13:25:30,515 INFO     ___FILE_ONLY___ ╔════════════════════════════════════════════════════════════╗

2026-05-15 13:25:30,515 INFO     ___FILE_ONLY___ ╠═ Downloading: Google Cloud CRC32C Hash Tool               ═╣

2026-05-15 13:25:30,515 INFO     ___FILE_ONLY___ ╚
2026-05-15 13:25:30,515 INFO     ___FILE_ONLY___ ════════════════════════════════════════════════════════════
2026-05-15 13:25:30,515 INFO     ___FILE_ONLY___ ╝

2026-05-15 13:25:30,517 INFO     ___FILE_ONLY___ ╔════════════════════════════════════════════════════════════╗

2026-05-15 13:25:30,517 INFO     ___FILE_ONLY___ ╠═ Downloading: Google Cloud CRC32C Hash Tool (Platform ... ═╣

2026-05-15 13:25:30,517 INFO     ___FILE_ONLY___ ╚
2026-05-15 13:25:30,518 DEBUG    root            On GCE from memory cache: False
2026-05-15 13:25:30,519 DEBUG    root            On GCE from memory cache: False
2026-05-15 13:25:30,520 DEBUG    urllib3.connectionpool Starting new HTTPS connection (1): dl.google.com:443
2026-05-15 13:25:30,624 DEBUG    urllib3.connectionpool https://dl.google.com:443 "GET /dl/cloudsdk/channels/rapid/components/google-cloud-sdk-gcloud-crc32c-linux-x86_64-20260424041539.tar.gz HTTP/1.1" 200 1609375
2026-05-15 13:25:30,634 INFO     ___FILE_ONLY___ ═
2026-05-15 13:25:30,634 INFO     ___FILE_ONLY___ ═
2026-05-15 13:25:30,634 INFO     ___FILE_ONLY___ ═
2026-05-15 13:25:30,634 INFO     ___FILE_ONLY___ ═
2026-05-15 13:25:30,634 INFO     ___FILE_ONLY___ ═
2026-05-15 13:25:30,634 INFO     ___FILE_ONLY___ ═
2026-05-15 13:25:30,635 INFO     ___FILE_ONLY___ ═
2026-05-15 13:25:30,635 INFO     ___FILE_ONLY___ ═
2026-05-15 13:25:30,635 INFO     ___FILE_ONLY___ ═
2026-05-15 13:25:30,635 INFO     ___FILE_ONLY___ ═
2026-05-15 13:25:30,635 INFO     ___FILE_ONLY___ ═
2026-05-15 13:25:30,635 INFO     ___FILE_ONLY___ ═
2026-05-15 13:25:30,635 INFO     ___FILE_ONLY___ ═
2026-05-15 13:25:30,635 INFO     ___FILE_ONLY___ ═
2026-05-15 13:25:30,636 INFO     ___FILE_ONLY___ ═
2026-05-15 13:25:30,636 INFO     ___FILE_ONLY___ ═
2026-05-15 13:25:30,636 INFO     ___FILE_ONLY___ ═
2026-05-15 13:25:30,636 INFO     ___FILE_ONLY___ ═
2026-05-15 13:25:30,636 INFO     ___FILE_ONLY___ ═
2026-05-15 13:25:30,636 INFO     ___FILE_ONLY___ ═
2026-05-15 13:25:30,636 INFO     ___FILE_ONLY___ ═
2026-05-15 13:25:30,636 INFO     ___FILE_ONLY___ ═
2026-05-15 13:25:30,637 INFO     ___FILE_ONLY___ ═
2026-05-15 13:25:30,637 INFO     ___FILE_ONLY___ ═
2026-05-15 13:25:30,637 INFO     ___FILE_ONLY___ ═
2026-05-15 13:25:30,637 INFO     ___FILE_ONLY___ ═
2026-05-15 13:25:30,637 INFO     ___FILE_ONLY___ ═
2026-05-15 13:25:30,637 INFO     ___FILE_ONLY___ ═
2026-05-15 13:25:30,637 INFO     ___FILE_ONLY___ ═
2026-05-15 13:25:30,637 INFO     ___FILE_ONLY___ ═
2026-05-15 13:25:30,637 INFO     ___FILE_ONLY___ ═
2026-05-15 13:25:30,638 INFO     ___FILE_ONLY___ ═
2026-05-15 13:25:30,638 INFO     ___FILE_ONLY___ ═
2026-05-15 13:25:30,638 INFO     ___FILE_ONLY___ ═
2026-05-15 13:25:30,638 INFO     ___FILE_ONLY___ ═
2026-05-15 13:25:30,638 INFO     ___FILE_ONLY___ ═
2026-05-15 13:25:30,638 INFO     ___FILE_ONLY___ ═
2026-05-15 13:25:30,638 INFO     ___FILE_ONLY___ ═
2026-05-15 13:25:30,639 INFO     ___FILE_ONLY___ ═
2026-05-15 13:25:30,639 INFO     ___FILE_ONLY___ ═
2026-05-15 13:25:30,639 INFO     ___FILE_ONLY___ ═
2026-05-15 13:25:30,639 INFO     ___FILE_ONLY___ ═
2026-05-15 13:25:30,639 INFO     ___FILE_ONLY___ ═
2026-05-15 13:25:30,640 INFO     ___FILE_ONLY___ ═
2026-05-15 13:25:30,640 INFO     ___FILE_ONLY___ ═
2026-05-15 13:25:30,640 INFO     ___FILE_ONLY___ ═
2026-05-15 13:25:30,640 INFO     ___FILE_ONLY___ ═
2026-05-15 13:25:30,640 INFO     ___FILE_ONLY___ ═
2026-05-15 13:25:30,640 INFO     ___FILE_ONLY___ ═
2026-05-15 13:25:30,640 INFO     ___FILE_ONLY___ ═
2026-05-15 13:25:30,640 INFO     ___FILE_ONLY___ ═
2026-05-15 13:25:30,641 INFO     ___FILE_ONLY___ ═
2026-05-15 13:25:30,641 INFO     ___FILE_ONLY___ ═
2026-05-15 13:25:30,641 INFO     ___FILE_ONLY___ ═
2026-05-15 13:25:30,641 INFO     ___FILE_ONLY___ ═
2026-05-15 13:25:30,641 INFO     ___FILE_ONLY___ ═
2026-05-15 13:25:30,641 INFO     ___FILE_ONLY___ ═
2026-05-15 13:25:30,641 INFO     ___FILE_ONLY___ ═
2026-05-15 13:25:30,641 INFO     ___FILE_ONLY___ ═
2026-05-15 13:25:30,641 INFO     ___FILE_ONLY___ ═
2026-05-15 13:25:30,641 INFO     ___FILE_ONLY___ ╝

2026-05-15 13:25:30,643 INFO     ___FILE_ONLY___ ╔════════════════════════════════════════════════════════════╗

2026-05-15 13:25:30,644 INFO     ___FILE_ONLY___ ╠═ Downloading: gcloud cli dependencies (Platform Specific) ═╣

2026-05-15 13:25:30,644 INFO     ___FILE_ONLY___ ╚
2026-05-15 13:25:30,645 DEBUG    root            On GCE from memory cache: False
2026-05-15 13:25:30,646 DEBUG    root            On GCE from memory cache: False
2026-05-15 13:25:30,647 DEBUG    urllib3.connectionpool Starting new HTTPS connection (1): dl.google.com:443
2026-05-15 13:25:30,737 DEBUG    urllib3.connectionpool https://dl.google.com:443 "GET /dl/cloudsdk/channels/rapid/components/google-cloud-sdk-gcloud-deps-linux-x86_64-20210416153011.tar.gz HTTP/1.1" 200 104
2026-05-15 13:25:30,740 INFO     ___FILE_ONLY___ ════════════════════════════════════════════════════════════
2026-05-15 13:25:30,740 INFO     ___FILE_ONLY___ ╝

2026-05-15 13:25:30,742 INFO     ___FILE_ONLY___ ╔════════════════════════════════════════════════════════════╗

2026-05-15 13:25:30,742 INFO     ___FILE_ONLY___ ╠═ Installing: BigQuery Command Line Tool                   ═╣

2026-05-15 13:25:30,742 INFO     ___FILE_ONLY___ ╚
2026-05-15 13:25:30,841 INFO     ___FILE_ONLY___ ═
2026-05-15 13:25:30,844 INFO     ___FILE_ONLY___ ═
2026-05-15 13:25:30,847 INFO     ___FILE_ONLY___ ═
2026-05-15 13:25:30,849 INFO     ___FILE_ONLY___ ═
2026-05-15 13:25:30,852 INFO     ___FILE_ONLY___ ═
2026-05-15 13:25:30,854 INFO     ___FILE_ONLY___ ═
2026-05-15 13:25:30,856 INFO     ___FILE_ONLY___ ═
2026-05-15 13:25:30,859 INFO     ___FILE_ONLY___ ═
2026-05-15 13:25:30,861 INFO     ___FILE_ONLY___ ═
2026-05-15 13:25:30,864 INFO     ___FILE_ONLY___ ═
2026-05-15 13:25:30,866 INFO     ___FILE_ONLY___ ═
2026-05-15 13:25:30,869 INFO     ___FILE_ONLY___ ═
2026-05-15 13:25:30,871 INFO     ___FILE_ONLY___ ═
2026-05-15 13:25:30,873 INFO     ___FILE_ONLY___ ═
2026-05-15 13:25:30,876 INFO     ___FILE_ONLY___ ═
2026-05-15 13:25:30,878 INFO     ___FILE_ONLY___ ═
2026-05-15 13:25:30,880 INFO     ___FILE_ONLY___ ═
2026-05-15 13:25:30,883 INFO     ___FILE_ONLY___ ═
2026-05-15 13:25:30,886 INFO     ___FILE_ONLY___ ═
2026-05-15 13:25:30,888 INFO     ___FILE_ONLY___ ═
2026-05-15 13:25:30,890 INFO     ___FILE_ONLY___ ═
2026-05-15 13:25:30,892 INFO     ___FILE_ONLY___ ═
2026-05-15 13:25:30,894 INFO     ___FILE_ONLY___ ═
2026-05-15 13:25:30,896 INFO     ___FILE_ONLY___ ═
2026-05-15 13:25:30,898 INFO     ___FILE_ONLY___ ═
2026-05-15 13:25:30,900 INFO     ___FILE_ONLY___ ═
2026-05-15 13:25:30,902 INFO     ___FILE_ONLY___ ═
2026-05-15 13:25:30,904 INFO     ___FILE_ONLY___ ═
2026-05-15 13:25:30,906 INFO     ___FILE_ONLY___ ═
2026-05-15 13:25:30,907 INFO     ___FILE_ONLY___ ═
2026-05-15 13:25:30,909 INFO     ___FILE_ONLY___ ═
2026-05-15 13:25:30,911 INFO     ___FILE_ONLY___ ═
2026-05-15 13:25:30,912 INFO     ___FILE_ONLY___ ═
2026-05-15 13:25:30,916 INFO     ___FILE_ONLY___ ═
2026-05-15 13:25:30,918 INFO     ___FILE_ONLY___ ═
2026-05-15 13:25:30,920 INFO     ___FILE_ONLY___ ═
2026-05-15 13:25:30,922 INFO     ___FILE_ONLY___ ═
2026-05-15 13:25:30,926 INFO     ___FILE_ONLY___ ═
2026-05-15 13:25:30,933 INFO     ___FILE_ONLY___ ═
2026-05-15 13:25:30,941 INFO     ___FILE_ONLY___ ═
2026-05-15 13:25:30,943 INFO     ___FILE_ONLY___ ═
2026-05-15 13:25:30,945 INFO     ___FILE_ONLY___ ═
2026-05-15 13:25:30,948 INFO     ___FILE_ONLY___ ═
2026-05-15 13:25:30,950 INFO     ___FILE_ONLY___ ═
2026-05-15 13:25:30,952 INFO     ___FILE_ONLY___ ═
2026-05-15 13:25:30,957 INFO     ___FILE_ONLY___ ═
2026-05-15 13:25:30,959 INFO     ___FILE_ONLY___ ═
2026-05-15 13:25:30,962 INFO     ___FILE_ONLY___ ═
2026-05-15 13:25:30,964 INFO     ___FILE_ONLY___ ═
2026-05-15 13:25:30,966 INFO     ___FILE_ONLY___ ═
2026-05-15 13:25:30,968 INFO     ___FILE_ONLY___ ═
2026-05-15 13:25:30,970 INFO     ___FILE_ONLY___ ═
2026-05-15 13:25:30,973 INFO     ___FILE_ONLY___ ═
2026-05-15 13:25:30,975 INFO     ___FILE_ONLY___ ═
2026-05-15 13:25:30,977 INFO     ___FILE_ONLY___ ═
2026-05-15 13:25:30,979 INFO     ___FILE_ONLY___ ═
2026-05-15 13:25:30,981 INFO     ___FILE_ONLY___ ═
2026-05-15 13:25:30,984 INFO     ___FILE_ONLY___ ═
2026-05-15 13:25:30,985 INFO     ___FILE_ONLY___ ═
2026-05-15 13:25:30,988 INFO     ___FILE_ONLY___ ═
2026-05-15 13:25:30,988 INFO     ___FILE_ONLY___ ╝

2026-05-15 13:25:30,996 INFO     ___FILE_ONLY___ ╔════════════════════════════════════════════════════════════╗

2026-05-15 13:25:30,996 INFO     ___FILE_ONLY___ ╠═ Installing: BigQuery Command Line Tool (Platform Spec... ═╣

2026-05-15 13:25:30,996 INFO     ___FILE_ONLY___ ╚
2026-05-15 13:25:30,997 INFO     ___FILE_ONLY___ ════════════════════════════════════════════════════════════
2026-05-15 13:25:30,997 INFO     ___FILE_ONLY___ ╝

2026-05-15 13:25:31,003 INFO     ___FILE_ONLY___ ╔════════════════════════════════════════════════════════════╗

2026-05-15 13:25:31,003 INFO     ___FILE_ONLY___ ╠═ Installing: Bundled Python 3.14                          ═╣

2026-05-15 13:25:31,003 INFO     ___FILE_ONLY___ ╚
2026-05-15 13:25:31,005 INFO     ___FILE_ONLY___ ════════════════════════════════════════════════════════════
2026-05-15 13:25:31,005 INFO     ___FILE_ONLY___ ╝

2026-05-15 13:25:31,007 INFO     ___FILE_ONLY___ ╔════════════════════════════════════════════════════════════╗

2026-05-15 13:25:31,007 INFO     ___FILE_ONLY___ ╠═ Installing: Bundled Python 3.14 (Platform Specific)      ═╣

2026-05-15 13:25:31,007 INFO     ___FILE_ONLY___ ╚
2026-05-15 13:25:31,904 INFO     ___FILE_ONLY___ ═
2026-05-15 13:25:31,919 INFO     ___FILE_ONLY___ ═
2026-05-15 13:25:31,932 INFO     ___FILE_ONLY___ ═
2026-05-15 13:25:32,099 INFO     ___FILE_ONLY___ ═
2026-05-15 13:25:32,121 INFO     ___FILE_ONLY___ ═
2026-05-15 13:25:32,146 INFO     ___FILE_ONLY___ ═
2026-05-15 13:25:32,167 INFO     ___FILE_ONLY___ ═
2026-05-15 13:25:32,187 INFO     ___FILE_ONLY___ ═
2026-05-15 13:25:32,214 INFO     ___FILE_ONLY___ ═
2026-05-15 13:25:32,226 INFO     ___FILE_ONLY___ ═
2026-05-15 13:25:32,322 INFO     ___FILE_ONLY___ ═
2026-05-15 13:25:32,337 INFO     ___FILE_ONLY___ ═
2026-05-15 13:25:32,355 INFO     ___FILE_ONLY___ ═
2026-05-15 13:25:32,380 INFO     ___FILE_ONLY___ ═
2026-05-15 13:25:32,395 INFO     ___FILE_ONLY___ ═
2026-05-15 13:25:32,417 INFO     ___FILE_ONLY___ ═
2026-05-15 13:25:32,428 INFO     ___FILE_ONLY___ ═
2026-05-15 13:25:32,443 INFO     ___FILE_ONLY___ ═
2026-05-15 13:25:32,457 INFO     ___FILE_ONLY___ ═
2026-05-15 13:25:32,473 INFO     ___FILE_ONLY___ ═
2026-05-15 13:25:32,491 INFO     ___FILE_ONLY___ ═
2026-05-15 13:25:32,508 INFO     ___FILE_ONLY___ ═
2026-05-15 13:25:32,664 INFO     ___FILE_ONLY___ ═
2026-05-15 13:25:32,682 INFO     ___FILE_ONLY___ ═
2026-05-15 13:25:32,702 INFO     ___FILE_ONLY___ ═
2026-05-15 13:25:32,744 INFO     ___FILE_ONLY___ ═
2026-05-15 13:25:32,760 INFO     ___FILE_ONLY___ ═
2026-05-15 13:25:32,772 INFO     ___FILE_ONLY___ ═
2026-05-15 13:25:32,785 INFO     ___FILE_ONLY___ ═
2026-05-15 13:25:32,797 INFO     ___FILE_ONLY___ ═
2026-05-15 13:25:32,808 INFO     ___FILE_ONLY___ ═
2026-05-15 13:25:32,820 INFO     ___FILE_ONLY___ ═
2026-05-15 13:25:32,832 INFO     ___FILE_ONLY___ ═
2026-05-15 13:25:32,844 INFO     ___FILE_ONLY___ ═
2026-05-15 13:25:32,856 INFO     ___FILE_ONLY___ ═
2026-05-15 13:25:32,868 INFO     ___FILE_ONLY___ ═
2026-05-15 13:25:32,880 INFO     ___FILE_ONLY___ ═
2026-05-15 13:25:32,891 INFO     ___FILE_ONLY___ ═
2026-05-15 13:25:32,905 INFO     ___FILE_ONLY___ ═
2026-05-15 13:25:32,917 INFO     ___FILE_ONLY___ ═
2026-05-15 13:25:32,929 INFO     ___FILE_ONLY___ ═
2026-05-15 13:25:32,941 INFO     ___FILE_ONLY___ ═
2026-05-15 13:25:32,953 INFO     ___FILE_ONLY___ ═
2026-05-15 13:25:32,964 INFO     ___FILE_ONLY___ ═
2026-05-15 13:25:32,976 INFO     ___FILE_ONLY___ ═
2026-05-15 13:25:32,985 INFO     ___FILE_ONLY___ ═
2026-05-15 13:25:32,996 INFO     ___FILE_ONLY___ ═
2026-05-15 13:25:33,006 INFO     ___FILE_ONLY___ ═
2026-05-15 13:25:33,016 INFO     ___FILE_ONLY___ ═
2026-05-15 13:25:33,026 INFO     ___FILE_ONLY___ ═
2026-05-15 13:25:33,036 INFO     ___FILE_ONLY___ ═
2026-05-15 13:25:33,046 INFO     ___FILE_ONLY___ ═
2026-05-15 13:25:33,056 INFO     ___FILE_ONLY___ ═
2026-05-15 13:25:33,067 INFO     ___FILE_ONLY___ ═
2026-05-15 13:25:33,077 INFO     ___FILE_ONLY___ ═
2026-05-15 13:25:33,088 INFO     ___FILE_ONLY___ ═
2026-05-15 13:25:33,098 INFO     ___FILE_ONLY___ ═
2026-05-15 13:25:33,108 INFO     ___FILE_ONLY___ ═
2026-05-15 13:25:33,118 INFO     ___FILE_ONLY___ ═
2026-05-15 13:25:33,129 INFO     ___FILE_ONLY___ ═
2026-05-15 13:25:33,129 INFO     ___FILE_ONLY___ ╝

2026-05-15 13:25:33,169 INFO     ___FILE_ONLY___ ╔════════════════════════════════════════════════════════════╗

2026-05-15 13:25:33,169 INFO     ___FILE_ONLY___ ╠═ Installing: Cloud Storage Command Line Tool              ═╣

2026-05-15 13:25:33,169 INFO     ___FILE_ONLY___ ╚
2026-05-15 13:25:33,707 INFO     ___FILE_ONLY___ ═
2026-05-15 13:25:33,720 INFO     ___FILE_ONLY___ ═
2026-05-15 13:25:33,731 INFO     ___FILE_ONLY___ ═
2026-05-15 13:25:33,742 INFO     ___FILE_ONLY___ ═
2026-05-15 13:25:33,752 INFO     ___FILE_ONLY___ ═
2026-05-15 13:25:33,788 INFO     ___FILE_ONLY___ ═
2026-05-15 13:25:33,803 INFO     ___FILE_ONLY___ ═
2026-05-15 13:25:33,818 INFO     ___FILE_ONLY___ ═
2026-05-15 13:25:33,832 INFO     ___FILE_ONLY___ ═
2026-05-15 13:25:33,847 INFO     ___FILE_ONLY___ ═
2026-05-15 13:25:33,863 INFO     ___FILE_ONLY___ ═
2026-05-15 13:25:33,873 INFO     ___FILE_ONLY___ ═
2026-05-15 13:25:33,884 INFO     ___FILE_ONLY___ ═
2026-05-15 13:25:33,892 INFO     ___FILE_ONLY___ ═
2026-05-15 13:25:33,901 INFO     ___FILE_ONLY___ ═
2026-05-15 13:25:33,918 INFO     ___FILE_ONLY___ ═
2026-05-15 13:25:33,931 INFO     ___FILE_ONLY___ ═
2026-05-15 13:25:33,939 INFO     ___FILE_ONLY___ ═
2026-05-15 13:25:33,950 INFO     ___FILE_ONLY___ ═
2026-05-15 13:25:33,960 INFO     ___FILE_ONLY___ ═
2026-05-15 13:25:33,968 INFO     ___FILE_ONLY___ ═
2026-05-15 13:25:33,980 INFO     ___FILE_ONLY___ ═
2026-05-15 13:25:33,989 INFO     ___FILE_ONLY___ ═
2026-05-15 13:25:33,999 INFO     ___FILE_ONLY___ ═
2026-05-15 13:25:34,009 INFO     ___FILE_ONLY___ ═
2026-05-15 13:25:34,018 INFO     ___FILE_ONLY___ ═
2026-05-15 13:25:34,027 INFO     ___FILE_ONLY___ ═
2026-05-15 13:25:34,040 INFO     ___FILE_ONLY___ ═
2026-05-15 13:25:34,055 INFO     ___FILE_ONLY___ ═
2026-05-15 13:25:34,065 INFO     ___FILE_ONLY___ ═
2026-05-15 13:25:34,077 INFO     ___FILE_ONLY___ ═
2026-05-15 13:25:34,096 INFO     ___FILE_ONLY___ ═
2026-05-15 13:25:34,111 INFO     ___FILE_ONLY___ ═
2026-05-15 13:25:34,129 INFO     ___FILE_ONLY___ ═
2026-05-15 13:25:34,143 INFO     ___FILE_ONLY___ ═
2026-05-15 13:25:34,156 INFO     ___FILE_ONLY___ ═
2026-05-15 13:25:34,165 INFO     ___FILE_ONLY___ ═
2026-05-15 13:25:34,175 INFO     ___FILE_ONLY___ ═
2026-05-15 13:25:34,209 INFO     ___FILE_ONLY___ ═
2026-05-15 13:25:34,222 INFO     ___FILE_ONLY___ ═
2026-05-15 13:25:34,232 INFO     ___FILE_ONLY___ ═
2026-05-15 13:25:34,241 INFO     ___FILE_ONLY___ ═
2026-05-15 13:25:34,250 INFO     ___FILE_ONLY___ ═
2026-05-15 13:25:34,260 INFO     ___FILE_ONLY___ ═
2026-05-15 13:25:34,269 INFO     ___FILE_ONLY___ ═
2026-05-15 13:25:34,278 INFO     ___FILE_ONLY___ ═
2026-05-15 13:25:34,286 INFO     ___FILE_ONLY___ ═
2026-05-15 13:25:34,295 INFO     ___FILE_ONLY___ ═
2026-05-15 13:25:34,304 INFO     ___FILE_ONLY___ ═
2026-05-15 13:25:34,315 INFO     ___FILE_ONLY___ ═
2026-05-15 13:25:34,328 INFO     ___FILE_ONLY___ ═
2026-05-15 13:25:34,340 INFO     ___FILE_ONLY___ ═
2026-05-15 13:25:34,352 INFO     ___FILE_ONLY___ ═
2026-05-15 13:25:34,365 INFO     ___FILE_ONLY___ ═
2026-05-15 13:25:34,376 INFO     ___FILE_ONLY___ ═
2026-05-15 13:25:34,389 INFO     ___FILE_ONLY___ ═
2026-05-15 13:25:34,404 INFO     ___FILE_ONLY___ ═
2026-05-15 13:25:34,424 INFO     ___FILE_ONLY___ ═
2026-05-15 13:25:34,439 INFO     ___FILE_ONLY___ ═
2026-05-15 13:25:34,456 INFO     ___FILE_ONLY___ ═
2026-05-15 13:25:34,456 INFO     ___FILE_ONLY___ ╝

2026-05-15 13:25:34,485 INFO     ___FILE_ONLY___ ╔════════════════════════════════════════════════════════════╗

2026-05-15 13:25:34,485 INFO     ___FILE_ONLY___ ╠═ Installing: Cloud Storage Command Line Tool (Platform... ═╣

2026-05-15 13:25:34,485 INFO     ___FILE_ONLY___ ╚
2026-05-15 13:25:34,486 INFO     ___FILE_ONLY___ ════════════════════════════════════════════════════════════
2026-05-15 13:25:34,486 INFO     ___FILE_ONLY___ ╝

2026-05-15 13:25:34,490 INFO     ___FILE_ONLY___ ╔════════════════════════════════════════════════════════════╗

2026-05-15 13:25:34,490 INFO     ___FILE_ONLY___ ╠═ Installing: Default set of gcloud commands               ═╣

2026-05-15 13:25:34,491 INFO     ___FILE_ONLY___ ╚
2026-05-15 13:25:34,493 INFO     ___FILE_ONLY___ ════════════════════════════════════════════════════════════
2026-05-15 13:25:34,493 INFO     ___FILE_ONLY___ ╝

2026-05-15 13:25:34,495 INFO     ___FILE_ONLY___ ╔════════════════════════════════════════════════════════════╗

2026-05-15 13:25:34,495 INFO     ___FILE_ONLY___ ╠═ Installing: Google Cloud CLI Core Libraries (Platform... ═╣

2026-05-15 13:25:34,495 INFO     ___FILE_ONLY___ ╚
2026-05-15 13:25:34,496 INFO     ___FILE_ONLY___ ══════════════════════════════
2026-05-15 13:25:34,496 INFO     ___FILE_ONLY___ ══════════════════════════════
2026-05-15 13:25:34,496 INFO     ___FILE_ONLY___ ╝

2026-05-15 13:25:34,500 INFO     ___FILE_ONLY___ ╔════════════════════════════════════════════════════════════╗

2026-05-15 13:25:34,500 INFO     ___FILE_ONLY___ ╠═ Installing: Google Cloud CRC32C Hash Tool                ═╣

2026-05-15 13:25:34,500 INFO     ___FILE_ONLY___ ╚
2026-05-15 13:25:34,502 INFO     ___FILE_ONLY___ ════════════════════════════════════════════════════════════
2026-05-15 13:25:34,502 INFO     ___FILE_ONLY___ ╝

2026-05-15 13:25:34,504 INFO     ___FILE_ONLY___ ╔════════════════════════════════════════════════════════════╗

2026-05-15 13:25:34,504 INFO     ___FILE_ONLY___ ╠═ Installing: Google Cloud CRC32C Hash Tool (Platform S... ═╣

2026-05-15 13:25:34,504 INFO     ___FILE_ONLY___ ╚
2026-05-15 13:25:34,541 INFO     ___FILE_ONLY___ ══════════════════════════════
2026-05-15 13:25:34,541 INFO     ___FILE_ONLY___ ══════════════════════════════
2026-05-15 13:25:34,541 INFO     ___FILE_ONLY___ ╝

2026-05-15 13:25:34,545 INFO     ___FILE_ONLY___ ╔════════════════════════════════════════════════════════════╗

2026-05-15 13:25:34,546 INFO     ___FILE_ONLY___ ╠═ Installing: gcloud cli dependencies (Platform Specific)  ═╣

2026-05-15 13:25:34,546 INFO     ___FILE_ONLY___ ╚
2026-05-15 13:25:34,546 INFO     ___FILE_ONLY___ ════════════════════════════════════════════════════════════
2026-05-15 13:25:34,546 INFO     ___FILE_ONLY___ ╝

2026-05-15 13:25:34,550 DEBUG    root            Updating notification cache...
2026-05-15 13:25:34,551 INFO     ___FILE_ONLY___ 

2026-05-15 13:25:34,552 INFO     ___FILE_ONLY___ Performing post processing steps...
2026-05-15 13:25:34,553 DEBUG    root            Executing command: ['/tools/google-cloud-sdk/bin/gcloud', 'components', 'post-process']
2026-05-15 13:25:43,377 DEBUG    ___FILE_ONLY___ 
2026-05-15 13:25:43,378 DEBUG    ___FILE_ONLY___ 
2026-05-15 13:25:43,571 INFO     root            descriptor_list: [{'universeDomain': 'googleapis.com', 'universeShortName': '', 'authenticationDomain': 'auth.cloud.google.com', 'projectPrefix': '', 'cloudWebDomain': 'cloud.google.com', 'documentationDomain': 'cloud.google.com', 'version': '1.0.0', 'state': 'primary', 'artifactRegistryDomain': 'pkg.dev'}]
2026-05-15 13:25:43,571 INFO     ___FILE_ONLY___ 
Update done!


2026-05-15 13:25:43,574 DEBUG    root            Chosen display Format:none
2026-05-15 13:25:43,574 INFO     root            Display format: "none"
