2026-05-15 13:25:44,192 DEBUG    root            Loaded Command Group: ['gcloud', 'components']
2026-05-15 13:25:44,224 DEBUG    root            Loaded Command Group: ['gcloud', 'components', 'update']
2026-05-15 13:25:44,227 DEBUG    root            Running [gcloud.components.update] with arguments: [--quiet: "True", COMPONENT-IDS:8: "['gcloud', 'core', 'bq', 'gsutil', 'compute', 'preview', 'alpha', 'beta']"]
2026-05-15 13:25:44,227 DEBUG    root            On GCE from disk cache: False
2026-05-15 13:25:44,228 INFO     ___FILE_ONLY___ Beginning update. This process may take several minutes.

2026-05-15 13:25:44,229 DEBUG    root            On GCE from memory cache: False
2026-05-15 13:25:44,231 DEBUG    root            On GCE from memory cache: False
2026-05-15 13:25:44,232 DEBUG    urllib3.connectionpool Starting new HTTPS connection (1): dl.google.com:443
2026-05-15 13:25:44,318 DEBUG    urllib3.connectionpool https://dl.google.com:443 "GET /dl/cloudsdk/channels/rapid/components-2.json HTTP/1.1" 200 25078
2026-05-15 13:25:44,330 WARNING  root            Component [compute] no longer exists.
2026-05-15 13:25:44,331 INFO     ___FILE_ONLY___ 

2026-05-15 13:25:44,331 INFO     ___FILE_ONLY___ 
Your current Google Cloud CLI version is: 568.0.0

2026-05-15 13:25:44,332 INFO     ___FILE_ONLY___ Installing components from version: 568.0.0

2026-05-15 13:25:44,332 INFO     ___FILE_ONLY___ 

2026-05-15 13:25:44,332 DEBUG    root            Chosen display Format:table[box,title="These components will be removed."](details.display_name:label=Name:align=left,version.version_string:label=Version:align=right,data.size.size(zero="",min=1048576):label=Size:align=right)
2026-05-15 13:25:44,332 DEBUG    root            Chosen display Format:table[box,title="These components will be updated."](details.display_name:label=Name:align=left,version.version_string:label=Version:align=right,data.size.size(zero="",min=1048576):label=Size:align=right)
2026-05-15 13:25:44,333 DEBUG    root            Chosen display Format:table[box,title="These components will be installed."](details.display_name:label=Name:align=left,version.version_string:label=Version:align=right,data.size.size(zero="",min=1048576):label=Size:align=right)
2026-05-15 13:25:44,348 INFO     ___FILE_ONLY___ ┌────────────────────────────────────────────────┐
2026-05-15 13:25:44,348 INFO     ___FILE_ONLY___ 

2026-05-15 13:25:44,348 INFO     ___FILE_ONLY___ │      These components will be installed.       │
2026-05-15 13:25:44,348 INFO     ___FILE_ONLY___ 

2026-05-15 13:25:44,348 INFO     ___FILE_ONLY___ ├─────────────────────────┬────────────┬─────────┤
2026-05-15 13:25:44,348 INFO     ___FILE_ONLY___ 

2026-05-15 13:25:44,349 INFO     ___FILE_ONLY___ │           Name          │  Version   │   Size  │
2026-05-15 13:25:44,349 INFO     ___FILE_ONLY___ 

2026-05-15 13:25:44,349 INFO     ___FILE_ONLY___ ├─────────────────────────┼────────────┼─────────┤
2026-05-15 13:25:44,349 INFO     ___FILE_ONLY___ 

2026-05-15 13:25:44,349 INFO     ___FILE_ONLY___ │ 
2026-05-15 13:25:44,349 INFO     ___FILE_ONLY___ gcloud Alpha Commands  
2026-05-15 13:25:44,349 INFO     ___FILE_ONLY___  
2026-05-15 13:25:44,349 INFO     ___FILE_ONLY___ │ 
2026-05-15 13:25:44,349 INFO     ___FILE_ONLY___ 2026.05.08
2026-05-15 13:25:44,349 INFO     ___FILE_ONLY___  
2026-05-15 13:25:44,349 INFO     ___FILE_ONLY___ │ 
2026-05-15 13:25:44,349 INFO     ___FILE_ONLY___ < 1 MiB
2026-05-15 13:25:44,349 INFO     ___FILE_ONLY___  
2026-05-15 13:25:44,349 INFO     ___FILE_ONLY___ │
2026-05-15 13:25:44,349 INFO     ___FILE_ONLY___ 

2026-05-15 13:25:44,349 INFO     ___FILE_ONLY___ │ 
2026-05-15 13:25:44,349 INFO     ___FILE_ONLY___ gcloud Beta Commands   
2026-05-15 13:25:44,349 INFO     ___FILE_ONLY___  
2026-05-15 13:25:44,349 INFO     ___FILE_ONLY___ │ 
2026-05-15 13:25:44,349 INFO     ___FILE_ONLY___ 2026.05.08
2026-05-15 13:25:44,350 INFO     ___FILE_ONLY___  
2026-05-15 13:25:44,350 INFO     ___FILE_ONLY___ │ 
2026-05-15 13:25:44,350 INFO     ___FILE_ONLY___ < 1 MiB
2026-05-15 13:25:44,350 INFO     ___FILE_ONLY___  
2026-05-15 13:25:44,350 INFO     ___FILE_ONLY___ │
2026-05-15 13:25:44,350 INFO     ___FILE_ONLY___ 

2026-05-15 13:25:44,350 INFO     ___FILE_ONLY___ │ 
2026-05-15 13:25:44,350 INFO     ___FILE_ONLY___ gcloud Preview Commands
2026-05-15 13:25:44,350 INFO     ___FILE_ONLY___  
2026-05-15 13:25:44,350 INFO     ___FILE_ONLY___ │ 
2026-05-15 13:25:44,350 INFO     ___FILE_ONLY___ 2026.05.08
2026-05-15 13:25:44,350 INFO     ___FILE_ONLY___  
2026-05-15 13:25:44,350 INFO     ___FILE_ONLY___ │ 
2026-05-15 13:25:44,350 INFO     ___FILE_ONLY___ < 1 MiB
2026-05-15 13:25:44,350 INFO     ___FILE_ONLY___  
2026-05-15 13:25:44,350 INFO     ___FILE_ONLY___ │
2026-05-15 13:25:44,350 INFO     ___FILE_ONLY___ 

2026-05-15 13:25:44,350 INFO     ___FILE_ONLY___ └─────────────────────────┴────────────┴─────────┘
2026-05-15 13:25:44,350 INFO     ___FILE_ONLY___ 

2026-05-15 13:25:44,350 INFO     ___FILE_ONLY___ 

2026-05-15 13:25:44,351 DEBUG    root            On GCE from memory cache: False
2026-05-15 13:25:44,352 DEBUG    root            On GCE from memory cache: False
2026-05-15 13:25:44,353 DEBUG    urllib3.connectionpool Starting new HTTPS connection (1): dl.google.com:443
2026-05-15 13:25:44,378 DEBUG    urllib3.connectionpool https://dl.google.com:443 "GET /dl/cloudsdk/channels/rapid/RELEASE_NOTES HTTP/1.1" 200 363271
2026-05-15 13:25:44,942 INFO     ___FILE_ONLY___ For the latest full release notes, please visit:
  https://cloud.google.com/sdk/release_notes


2026-05-15 13:25:44,942 INFO     ___FILE_ONLY___ Performing in place update...


2026-05-15 13:25:44,944 INFO     ___FILE_ONLY___ ╔════════════════════════════════════════════════════════════╗

2026-05-15 13:25:44,944 INFO     ___FILE_ONLY___ ╠═ Downloading: gcloud Alpha Commands                       ═╣

2026-05-15 13:25:44,944 INFO     ___FILE_ONLY___ ╚
2026-05-15 13:25:44,945 DEBUG    root            On GCE from memory cache: False
2026-05-15 13:25:44,946 DEBUG    root            On GCE from memory cache: False
2026-05-15 13:25:44,947 DEBUG    urllib3.connectionpool Starting new HTTPS connection (1): dl.google.com:443
2026-05-15 13:25:45,090 DEBUG    urllib3.connectionpool https://dl.google.com:443 "GET /dl/cloudsdk/channels/rapid/components/google-cloud-sdk-alpha-20260508041647.tar.gz HTTP/1.1" 200 761
2026-05-15 13:25:45,091 INFO     ___FILE_ONLY___ ════════════════════════════════════════════════════════════
2026-05-15 13:25:45,091 INFO     ___FILE_ONLY___ ╝

2026-05-15 13:25:45,093 INFO     ___FILE_ONLY___ ╔════════════════════════════════════════════════════════════╗

2026-05-15 13:25:45,093 INFO     ___FILE_ONLY___ ╠═ Downloading: gcloud Beta Commands                        ═╣

2026-05-15 13:25:45,093 INFO     ___FILE_ONLY___ ╚
2026-05-15 13:25:45,094 DEBUG    root            On GCE from memory cache: False
2026-05-15 13:25:45,095 DEBUG    root            On GCE from memory cache: False
2026-05-15 13:25:45,096 DEBUG    urllib3.connectionpool Starting new HTTPS connection (1): dl.google.com:443
2026-05-15 13:25:45,116 DEBUG    urllib3.connectionpool https://dl.google.com:443 "GET /dl/cloudsdk/channels/rapid/components/google-cloud-sdk-beta-20260508041647.tar.gz HTTP/1.1" 200 758
2026-05-15 13:25:45,117 INFO     ___FILE_ONLY___ ════════════════════════════════════════════════════════════
2026-05-15 13:25:45,117 INFO     ___FILE_ONLY___ ╝

2026-05-15 13:25:45,119 INFO     ___FILE_ONLY___ ╔════════════════════════════════════════════════════════════╗

2026-05-15 13:25:45,119 INFO     ___FILE_ONLY___ ╠═ Downloading: gcloud Preview Commands                     ═╣

2026-05-15 13:25:45,119 INFO     ___FILE_ONLY___ ╚
2026-05-15 13:25:45,120 DEBUG    root            On GCE from memory cache: False
2026-05-15 13:25:45,121 DEBUG    root            On GCE from memory cache: False
2026-05-15 13:25:45,121 DEBUG    urllib3.connectionpool Starting new HTTPS connection (1): dl.google.com:443
2026-05-15 13:25:45,266 DEBUG    urllib3.connectionpool https://dl.google.com:443 "GET /dl/cloudsdk/channels/rapid/components/google-cloud-sdk-preview-20260508041647.tar.gz HTTP/1.1" 200 782
2026-05-15 13:25:45,266 INFO     ___FILE_ONLY___ ════════════════════════════════════════════════════════════
2026-05-15 13:25:45,266 INFO     ___FILE_ONLY___ ╝

2026-05-15 13:25:45,268 INFO     ___FILE_ONLY___ ╔════════════════════════════════════════════════════════════╗

2026-05-15 13:25:45,268 INFO     ___FILE_ONLY___ ╠═ Installing: gcloud Alpha Commands                        ═╣

2026-05-15 13:25:45,268 INFO     ___FILE_ONLY___ ╚
2026-05-15 13:25:45,269 INFO     ___FILE_ONLY___ ════════════════════════════════════════════════════════════
2026-05-15 13:25:45,270 INFO     ___FILE_ONLY___ ╝

2026-05-15 13:25:45,276 INFO     ___FILE_ONLY___ ╔════════════════════════════════════════════════════════════╗

2026-05-15 13:25:45,276 INFO     ___FILE_ONLY___ ╠═ Installing: gcloud Beta Commands                         ═╣

2026-05-15 13:25:45,276 INFO     ___FILE_ONLY___ ╚
2026-05-15 13:25:45,277 INFO     ___FILE_ONLY___ ════════════════════════════════════════════════════════════
2026-05-15 13:25:45,277 INFO     ___FILE_ONLY___ ╝

2026-05-15 13:25:45,281 INFO     ___FILE_ONLY___ ╔════════════════════════════════════════════════════════════╗

2026-05-15 13:25:45,281 INFO     ___FILE_ONLY___ ╠═ Installing: gcloud Preview Commands                      ═╣

2026-05-15 13:25:45,281 INFO     ___FILE_ONLY___ ╚
2026-05-15 13:25:45,281 INFO     ___FILE_ONLY___ ════════════════════════════════════════════════════════════
2026-05-15 13:25:45,282 INFO     ___FILE_ONLY___ ╝

2026-05-15 13:25:45,286 DEBUG    root            Updating notification cache...
2026-05-15 13:25:45,287 INFO     ___FILE_ONLY___ 

2026-05-15 13:25:45,288 INFO     ___FILE_ONLY___ Performing post processing steps...
2026-05-15 13:25:45,288 DEBUG    root            Executing command: ['/tools/google-cloud-sdk/bin/gcloud', 'components', 'post-process']
2026-05-15 13:25:55,284 DEBUG    ___FILE_ONLY___ 
2026-05-15 13:25:55,285 DEBUG    ___FILE_ONLY___ 
2026-05-15 13:25:55,303 INFO     root            descriptor_list: [{'universeDomain': 'googleapis.com', 'universeShortName': '', 'authenticationDomain': 'auth.cloud.google.com', 'projectPrefix': '', 'cloudWebDomain': 'cloud.google.com', 'documentationDomain': 'cloud.google.com', 'version': '1.0.0', 'state': 'primary', 'artifactRegistryDomain': 'pkg.dev'}]
2026-05-15 13:25:55,303 INFO     ___FILE_ONLY___ 
Update done!


2026-05-15 13:25:55,305 DEBUG    root            Chosen display Format:none
2026-05-15 13:25:55,306 INFO     root            Display format: "none"
